   Γû▓ Next.js 15.1.9
   - Environments: .env.local

   Creating an optimized production build ...
node.exe : Failed 
to compile.
At line:1 char:1
+ & "C:\Program File
s\nodejs/node.exe" 
"C:\Program Files\no
dejs/node_mo ...
+ ~~~~~~~~~~~~~~~~~~
~~~~~~~~~~~~~~~~~~~~
~~~~~~~~~~~~~~~~~~~~
~~~~~~~~~~~
    + CategoryInfo  
            : NotS  
  pecified: (Fail   
 ed to compile.:    
String) [], Rem    
oteException
    + FullyQualifie 
   dErrorId : Nati  
  veCommandError
 

./app/contact/page.t
sx
Error:   [31mx[0m 
The "use client" 
directive must be 
placed before other 
expressions. Move 
it to the top of 
the file to resolve 
this issue.
    ,-[[36;1;4mC:\U
sers\as400\Downloads
\Navagatha Tech 
Pvt. Ltd\navagatha-w
eb\app\contact\page.
tsx[0m:25:1]
 [2m22[0m |     },
 [2m23[0m | };
 [2m24[0m | 
 [2m25[0m | "use 
client";
    : [35;1m^^^^^^^
^^^^^^[0m
 [2m26[0m | 
 [2m27[0m | 
import { useState, 
useEffect, Suspense 
} from "react";
 [2m27[0m | 
import { motion, 
AnimatePresence } 
from 
"framer-motion";
    `----
  [31mx[0m You're 
importing a 
component that 
needs `useState`. 
This React hook 
only works in a 
client component. 
To fix, mark the 
file (or its 
parent) with the 
`"use client"` 
directive.
  [31m|[0m 
  [31m|[0m  Learn 
more: https://nextjs
.org/docs/app/api-re
ference/directives/u
se-client
  [31m|[0m 
  [31m|[0m 
    ,-[[36;1;4mC:\U
sers\as400\Downloads
\Navagatha Tech 
Pvt. Ltd\navagatha-w
eb\app\contact\page.
tsx[0m:27:1]
 [2m24[0m | 
 [2m25[0m | "use 
client";
 [2m26[0m | 
 [2m27[0m | 
import { useState, 
useEffect, Suspense 
} from "react";
    : [35;1m       
  ^^^^^^^^[0m
 [2m28[0m | 
import { motion, 
AnimatePresence } 
from 
"framer-motion";
 [2m29[0m | 
import { 
useSearchParams } 
from 
"next/navigation";
 [2m29[0m | 
import { Mail, 
Phone, MapPin, 
Send, CheckCircle2, 
ChevronRight, 
Briefcase, 
TrendingUp, Mic2, 
type LucideIcon } 
from "lucide-react";
    `----
  [31mx[0m You're 
importing a 
component that 
needs `useEffect`. 
This React hook 
only works in a 
client component. 
To fix, mark the 
file (or its 
parent) with the 
`"use client"` 
directive.
  [31m|[0m 
  [31m|[0m  Learn 
more: https://nextjs
.org/docs/app/api-re
ference/directives/u
se-client
  [31m|[0m 
  [31m|[0m 
    ,-[[36;1;4mC:\U
sers\as400\Downloads
\Navagatha Tech 
Pvt. Ltd\navagatha-w
eb\app\contact\page.
tsx[0m:27:1]
 [2m24[0m | 
 [2m25[0m | "use 
client";
 [2m26[0m | 
 [2m27[0m | 
import { useState, 
useEffect, Suspense 
} from "react";
    : [35;1m       
            
^^^^^^^^^[0m
 [2m28[0m | 
import { motion, 
AnimatePresence } 
from 
"framer-motion";
 [2m29[0m | 
import { 
useSearchParams } 
from 
"next/navigation";
 [2m29[0m | 
import { Mail, 
Phone, MapPin, 
Send, CheckCircle2, 
ChevronRight, 
Briefcase, 
TrendingUp, Mic2, 
type LucideIcon } 
from "lucide-react";
    `----
  [31mx[0m You're 
importing a 
component that 
needs 
`useSearchParams`. 
This React hook 
only works in a 
client component. 
To fix, mark the 
file (or its 
parent) with the 
`"use client"` 
directive.
  [31m|[0m 
  [31m|[0m  Learn 
more: https://nextjs
.org/docs/app/api-re
ference/directives/u
se-client
  [31m|[0m 
  [31m|[0m 
    ,-[[36;1;4mC:\U
sers\as400\Downloads
\Navagatha Tech 
Pvt. Ltd\navagatha-w
eb\app\contact\page.
tsx[0m:29:1]
 [2m26[0m | 
 [2m27[0m | 
import { useState, 
useEffect, Suspense 
} from "react";
 [2m28[0m | 
import { motion, 
AnimatePresence } 
from 
"framer-motion";
 [2m29[0m | 
import { 
useSearchParams } 
from 
"next/navigation";
    : [35;1m       
  
^^^^^^^^^^^^^^^[0m
 [2m30[0m | 
import { Mail, 
Phone, MapPin, 
Send, CheckCircle2, 
ChevronRight, 
Briefcase, 
TrendingUp, Mic2, 
type LucideIcon } 
from "lucide-react";
 [2m31[0m | 
import { Header } 
from "@/components/H
eader";
 [2m31[0m | 
import { Footer } 
from "@/components/F
ooter";
    `----

Import trace for 
requested module:
./app/contact/page.t
sx


> Build failed 
because of webpack 
errors
